// Vitest Snapshot v1, https://vitest.dev/guide/snapshot.html

exports[`Footer component > matches snapshot 1`] = `
<DocumentFragment>
  <footer
    class="_footerContainer_fd86be"
  >
    <nav
      class="_footerLinkMenu_fd86be"
    >
      <a
        class="_footerLinkText_fd86be"
        href="/info/accessibility-statement"
      >
        Accessibility Statement
      </a>
      <a
        class="_footerLinkText_fd86be"
        href="/info/privacy-policy"
      >
        Privacy Policy
      </a>
      <a
        class="_footerLinkText_fd86be"
        href="/info/terms-and-conditions"
      >
        Terms and Conditions
      </a>
    </nav>
    <small
      class="_footerCopyrightText_fd86be"
    >
      Â©2024 GoFunder
    </small>
  </footer>
</DocumentFragment>
`;
