// Vitest Snapshot v1, https://vitest.dev/guide/snapshot.html

exports[`Header component > matches snapshot 1`] = `
<DocumentFragment>
  <header
    class="_headerContainer_872daa"
  >
    <div
      class="_headerContentContainer_872daa"
    >
      <a
        class="_headerLogo_872daa"
        href="/"
      >
        GoFunder
      </a>
      <nav
        class="_headerLinkMenu_872daa"
      >
        <a
          class="_headerLinkActive_872daa"
          href="/"
        >
          Home
        </a>
        <a
          class="_headerLinkText_872daa"
          href="/fundraisers"
        >
          Explore
        </a>
        <a
          class="_headerLinkText_872daa"
          href="/fundraisers/create"
        >
          Start Fundraising
        </a>
      </nav>
    </div>
    <div
      class="_headerControlsContainer_872daa"
    >
      <input
        alt="avatar image"
        class="_headerAvatarInput_872daa"
        src="https://images.unsplash.com/photo-1564564321837-a57b7070ac4f?q=80&w=2952&auto=format&fit=crop&ixlib=rb-4.0.3&ixid=M3wxMjA3fDB8MHxwaG90by1wYWdlfHx8fGVufDB8fHx8fA%3D%3D"
        type="image"
      />
    </div>
  </header>
</DocumentFragment>
`;
